// Jest Snapshot v1, https://goo.gl/fbAQLP

exports[`Display Movie List render Display Movie List 1`] = `[Function]`;
