// Jest Snapshot v1, https://goo.gl/fbAQLP

exports[`render favorite page 1`] = `
<div
  style={
    Object {
      "padding": "10px 20px",
    }
  }
>
  <div
    className="ant-card ant-card-bordered"
    style={
      Object {
        "minHeight": "75vh",
      }
    }
  >
    <div
      className="ant-card-head"
      style={Object {}}
    >
      <div
        className="ant-card-head-wrapper"
      >
        <div
          className="ant-card-head-title"
        >
          Favorite Movie
        </div>
      </div>
    </div>
    <div
      className="ant-card-body"
      style={Object {}}
    >
      <div
        className="ant-row ant-row-center"
        style={
          Object {
            "marginBottom": 2.5,
            "marginLeft": -2.5,
            "marginRight": -2.5,
            "marginTop": -2.5,
          }
        }
      >
        <div
          className="ant-empty"
        >
          <div
            className="ant-empty-image"
          >
            <svg
              className="ant-empty-img-default"
              height="152"
              viewBox="0 0 184 152"
              width="184"
              xmlns="http://www.w3.org/2000/svg"
            >
              <g
                fill="none"
                fillRule="evenodd"
              >
                <g
                  transform="translate(24 31.67)"
                >
                  <ellipse
                    className="ant-empty-img-default-ellipse"
                    cx="67.797"
                    cy="106.89"
                    rx="67.797"
                    ry="12.668"
                  />
                  <path
                    className="ant-empty-img-default-path-1"
                    d="M122.034 69.674L98.109 40.229c-1.148-1.386-2.826-2.225-4.593-2.225h-51.44c-1.766 0-3.444.839-4.592 2.225L13.56 69.674v15.383h108.475V69.674z"
                  />
                  <path
                    className="ant-empty-img-default-path-2"
                    d="M101.537 86.214L80.63 61.102c-1.001-1.207-2.507-1.867-4.048-1.867H31.724c-1.54 0-3.047.66-4.048 1.867L6.769 86.214v13.792h94.768V86.214z"
                    transform="translate(13.56)"
                  />
                  <path
                    className="ant-empty-img-default-path-3"
                    d="M33.83 0h67.933a4 4 0 0 1 4 4v93.344a4 4 0 0 1-4 4H33.83a4 4 0 0 1-4-4V4a4 4 0 0 1 4-4z"
                  />
                  <path
                    className="ant-empty-img-default-path-4"
                    d="M42.678 9.953h50.237a2 2 0 0 1 2 2V36.91a2 2 0 0 1-2 2H42.678a2 2 0 0 1-2-2V11.953a2 2 0 0 1 2-2zM42.94 49.767h49.713a2.262 2.262 0 1 1 0 4.524H42.94a2.262 2.262 0 0 1 0-4.524zM42.94 61.53h49.713a2.262 2.262 0 1 1 0 4.525H42.94a2.262 2.262 0 0 1 0-4.525zM121.813 105.032c-.775 3.071-3.497 5.36-6.735 5.36H20.515c-3.238 0-5.96-2.29-6.734-5.36a7.309 7.309 0 0 1-.222-1.79V69.675h26.318c2.907 0 5.25 2.448 5.25 5.42v.04c0 2.971 2.37 5.37 5.277 5.37h34.785c2.907 0 5.277-2.421 5.277-5.393V75.1c0-2.972 2.343-5.426 5.25-5.426h26.318v33.569c0 .617-.077 1.216-.221 1.789z"
                  />
                </g>
                <path
                  className="ant-empty-img-default-path-5"
                  d="M149.121 33.292l-6.83 2.65a1 1 0 0 1-1.317-1.23l1.937-6.207c-2.589-2.944-4.109-6.534-4.109-10.408C138.802 8.102 148.92 0 161.402 0 173.881 0 184 8.102 184 18.097c0 9.995-10.118 18.097-22.599 18.097-4.528 0-8.744-1.066-12.28-2.902z"
                />
                <g
                  className="ant-empty-img-default-g"
                  transform="translate(149.65 15.383)"
                >
                  <ellipse
                    cx="20.654"
                    cy="3.167"
                    rx="2.849"
                    ry="2.815"
                  />
                  <path
                    d="M5.698 5.63H0L2.898.704zM9.259.704h4.985V5.63H9.259z"
                  />
                </g>
              </g>
            </svg>
          </div>
          <p
            className="ant-empty-description"
          >
            No Favorite Movie
          </p>
        </div>
      </div>
    </div>
  </div>
</div>
`;

exports[`render home page 1`] = `
<div
  className="ant-row"
  style={
    Object {
      "marginBottom": 5,
      "marginLeft": -5,
      "marginRight": -5,
      "marginTop": -5,
      "padding": "10px 20px",
    }
  }
>
  <div
    className="ant-col ant-col-xs-24 ant-col-sm-24 ant-col-md-24 ant-col-lg-5 ant-col-xl-4 ant-col-xxl-4"
    style={
      Object {
        "paddingBottom": 5,
        "paddingLeft": 5,
        "paddingRight": 5,
        "paddingTop": 5,
      }
    }
  >
    <div
      className="ant-card ant-card-bordered"
    >
      <div
        className="ant-card-head"
        style={Object {}}
      >
        <div
          className="ant-card-head-wrapper"
        >
          <div
            className="ant-card-head-title"
          >
            <h4
              className="ant-typography"
              style={
                Object {
                  "WebkitLineClamp": null,
                  "margin": 0,
                }
              }
            >
              <span
                aria-label="filter"
                className="anticon anticon-filter"
                role="img"
              >
                <svg
                  aria-hidden="true"
                  className=""
                  data-icon="filter"
                  fill="currentColor"
                  focusable="false"
                  height="1em"
                  viewBox="64 64 896 896"
                  width="1em"
                >
                  <path
                    d="M880.1 154H143.9c-24.5 0-39.8 26.7-27.5 48L349 597.4V838c0 17.7 14.2 32 31.8 32h262.4c17.6 0 31.8-14.3 31.8-32V597.4L907.7 202c12.2-21.3-3.1-48-27.6-48zM603.4 798H420.6V642h182.9v156zm9.6-236.6l-9.5 16.6h-183l-9.5-16.6L212.7 226h598.6L613 561.4z"
                  />
                </svg>
              </span>
               Discover
            </h4>
          </div>
        </div>
      </div>
      <div
        className="ant-card-body"
        style={Object {}}
      >
        <ul
          className="ant-menu ant-menu-light ant-menu-root ant-menu-inline"
          onMouseEnter={[Function]}
          onTransitionEnd={[Function]}
          role="menu"
          style={Object {}}
        >
          <div />
          <li
            className="ant-menu-submenu ant-menu-submenu-inline"
            onMouseEnter={[Function]}
            onMouseLeave={[Function]}
            role="menuitem"
          >
            <div
              aria-expanded={false}
              aria-haspopup="true"
              className="ant-menu-submenu-title"
              onClick={[Function]}
              onMouseEnter={[Function]}
              onMouseLeave={[Function]}
              role="button"
              style={
                Object {
                  "paddingLeft": 24,
                }
              }
              title="Sort By"
            >
              Sort By
              <i
                className="ant-menu-submenu-arrow"
              />
            </div>
            <div />
          </li>
          <li
            className="ant-menu-submenu ant-menu-submenu-inline ant-menu-submenu-disabled"
            onMouseEnter={[Function]}
            onMouseLeave={[Function]}
            role="menuitem"
          >
            <div
              aria-expanded={false}
              aria-haspopup="true"
              className="ant-menu-submenu-title"
              role="button"
              style={
                Object {
                  "paddingLeft": 24,
                }
              }
            >
              <span>
                Select Genre
              </span>
              <i
                className="ant-menu-submenu-arrow"
              />
            </div>
            <div />
          </li>
        </ul>
      </div>
    </div>
  </div>
  <div
    className="ant-col ant-col-xs-24 ant-col-sm-24 ant-col-md-24 ant-col-lg-19 ant-col-xl-20 ant-col-xxl-20"
    style={
      Object {
        "paddingBottom": 5,
        "paddingLeft": 5,
        "paddingRight": 5,
        "paddingTop": 5,
      }
    }
  >
    <div
      className="ant-card display-movie-list ant-card-bordered"
    >
      <div
        className="ant-card-body"
        style={Object {}}
      >
        <div
          className="ant-row ant-row-center"
          style={
            Object {
              "marginBottom": 5,
              "marginLeft": -5,
              "marginRight": -5,
              "marginTop": -5,
            }
          }
        >
          <div
            className="ant-spin ant-spin-lg ant-spin-spinning ant-spin-show-text"
          >
            <span
              className="ant-spin-dot ant-spin-dot-spin"
            >
              <i
                className="ant-spin-dot-item"
              />
              <i
                className="ant-spin-dot-item"
              />
              <i
                className="ant-spin-dot-item"
              />
              <i
                className="ant-spin-dot-item"
              />
            </span>
            <div
              className="ant-spin-text"
            >
              Loading...
            </div>
          </div>
        </div>
      </div>
    </div>
  </div>
</div>
`;
